// Jest Snapshot v1, https://goo.gl/fbAQLP

exports[`Test to check Contacts page is rendered and if user can press help and advice Checks to see if the Contacts page renders 1`] = `
<RCTSafeAreaView
  style={
    Object {
      "backgroundColor": "#AFEEEE",
      "flex": 1,
      "paddingTop": 80,
    }
  }
>
  <Text
    style={
      Object {
        "fontSize": 20,
        "fontWeight": "bold",
        "paddingBottom": 10,
        "textAlign": "center",
      }
    }
  >
    Stay in touch with your Carer, Family or Friends
  </Text>
  <Text
    style={
      Object {
        "fontSize": 15,
        "fontStyle": "italic",
        "textAlign": "center",
      }
    }
  >
    Rediscover your lost memories or get any help
  </Text>
  <View
    style={
      Object {
        "backgroundColor": "#FFFFFF",
        "borderRadius": 25,
        "margin": 35,
        "marginBottom": null,
        "padding": 10,
      }
    }
  >
    <Text>
       No recipients added
    </Text>
    <View
      style={
        Object {
          "alignItems": "flex-end",
        }
      }
    >
      <TextInput
        onChangeText={[Function]}
        placeholder="Email"
      />
      <View
        accessibilityRole="button"
        accessible={true}
        collapsable={false}
        focusable={true}
        onClick={[Function]}
        onResponderGrant={[Function]}
        onResponderMove={[Function]}
        onResponderRelease={[Function]}
        onResponderTerminate={[Function]}
        onResponderTerminationRequest={[Function]}
        onStartShouldSetResponder={[Function]}
        style={
          Object {
            "opacity": 1,
          }
        }
      >
        <View
          style={
            Array [
              Object {},
            ]
          }
        >
          <Text
            style={
              Array [
                Object {
                  "color": "#007AFF",
                  "fontSize": 18,
                  "margin": 8,
                  "textAlign": "center",
                },
              ]
            }
          >
            Add Recipient
          </Text>
        </View>
      </View>
    </View>
  </View>
  <View
    style={
      Object {
        "backgroundColor": "#FFFFFF",
        "borderRadius": 25,
        "margin": 35,
        "marginBottom": null,
        "padding": 10,
      }
    }
  >
    <TextInput
      onChangeText={[Function]}
      placeholder="Subject"
    />
    <View
      style={
        Object {
          "alignItems": "center",
        }
      }
    >
      <TextInput
        multiline={true}
        onChangeText={[Function]}
        placeholder="Body"
        style={
          Object {
            "flexWrap": "wrap",
            "height": 80,
            "margin": 20,
            "padding": 10,
          }
        }
      />
    </View>
    <Text>
      Email not available
    </Text>
  </View>
  <View
    accessible={true}
    collapsable={false}
    focusable={true}
    onClick={[Function]}
    onResponderGrant={[Function]}
    onResponderMove={[Function]}
    onResponderRelease={[Function]}
    onResponderTerminate={[Function]}
    onResponderTerminationRequest={[Function]}
    onStartShouldSetResponder={[Function]}
    style={
      Object {
        "alignSelf": "center",
        "backgroundColor": "#00cc00",
        "borderRadius": 25,
        "height": 200,
        "margin": 35,
        "opacity": 1,
        "overflow": "hidden",
        "width": "85%",
      }
    }
  >
    <View
      accessibilityIgnoresInvertColors={true}
      style={
        Object {
          "height": "100%",
          "width": "100%",
        }
      }
    >
      <Image
        resizeMode="cover"
        source={1}
        style={
          Array [
            Object {
              "bottom": 0,
              "left": 0,
              "position": "absolute",
              "right": 0,
              "top": 0,
            },
            Object {
              "height": "100%",
              "width": "100%",
            },
            undefined,
          ]
        }
      />
      <View
        style={
          Object {
            "backgroundColor": "rgba(0, 204, 0, 0.5)",
            "height": "100%",
            "position": "absolute",
            "width": "100%",
          }
        }
      />
      <Text
        style={
          Object {
            "color": "white",
            "fontSize": 20,
            "fontWeight": "bold",
            "marginTop": 140,
            "padding": 10,
            "textAlign": "center",
          }
        }
      >
         Help and Advice
      </Text>
    </View>
  </View>
</RCTSafeAreaView>
`;
